2019-08-16 17:34:09 [INFO] pomFile:C:\Users\Erik\Desktop\testJar\io\grpc\grpc-all\1.12.0\grpc-all-1.12.0.pom groupId:io.grpc ArtifactId:grpc-all Version:1.12.0
2019-08-16 17:34:09 [INFO] installStr:===========cmd /c mvn deploy:deploy-file -Dfile=C:\Users\Erik\Desktop\testJar\io\grpc\grpc-all\1.12.0\grpc-all-1.12.0.jar -DgroupId=io.grpc -DartifactId=grpc-all -Dversion=1.12.0 -Dpackaging=jar -DrepositoryId=jarUploadTest -Durl=http://10.180.210.148:8088/repository/jarUploadTest/
2019-08-16 17:34:19 [INFO] pomFile:C:\Users\Erik\Desktop\testJar\io\grpc\grpc-auth\1.12.0\grpc-auth-1.12.0.pom groupId:io.grpc ArtifactId:grpc-auth Version:1.12.0
2019-08-16 17:34:19 [INFO] installStr:===========cmd /c mvn deploy:deploy-file -Dfile=C:\Users\Erik\Desktop\testJar\io\grpc\grpc-auth\1.12.0\grpc-auth-1.12.0.jar -DgroupId=io.grpc -DartifactId=grpc-auth -Dversion=1.12.0 -Dpackaging=jar -DrepositoryId=jarUploadTest -Durl=http://10.180.210.148:8088/repository/jarUploadTest/
2019-08-16 17:34:27 [INFO] ==========统计信息==========
 开始时间 :2019-08-16 05:34:09
 结束时间 :2019-08-16 05:34:27
 共扫描到 2 个 pom 文件
 解析成功 2 个 pom 文件
 解析失败 0 个 pom 文件
 上传成功 2 个 jar 包
 上传失败 0 个 jar 包
2019-08-16 17:34:27 [INFO] ==========解析 pom 文件失败列表==========
2019-08-16 17:34:27 [INFO] ==========上传 jar 包失败列表==========
